taylor@taylor-VirtualBox:~/SUNY/phy$ git clone repo http://github.com/typte001/phy411
fatal: repository 'repo' does not exist
taylor@taylor-VirtualBox:~/SUNY/phy$ git repo clone tpyte001/phy411
git: 'repo' is not a git command. See 'git --help'.

The most similar commands are
	grep
	reflog
	remote
	repack
taylor@taylor-VirtualBox:~/SUNY/phy$ sudo apt get install gh
[sudo] password for taylor: 
E: Invalid operation get
taylor@taylor-VirtualBox:~/SUNY/phy$ apt install gh
E: Could not open lock file /var/lib/dpkg/lock-frontend - open (13: Permission denied)
E: Unable to acquire the dpkg frontend lock (/var/lib/dpkg/lock-frontend), are you root?
taylor@taylor-VirtualBox:~/SUNY/phy$ sudo apt install gh
Reading package lists... Done
Building dependency tree... Done
Reading state information... Done
The following NEW packages will be installed:
  gh
0 upgraded, 1 newly installed, 0 to remove and 0 not upgraded.
Need to get 6,242 kB of archives.
After this operation, 33.7 MB of additional disk space will be used.
Get:1 http://us.archive.ubuntu.com/ubuntu jammy/universe amd64 gh amd64 2.4.0+dfsg1-2 [6,242 kB]
Fetched 6,242 kB in 6s (1,077 kB/s)
Selecting previously unselected package gh.
(Reading database ... 183967 files and directories currently installed.)
Preparing to unpack .../gh_2.4.0+dfsg1-2_amd64.deb ...
Unpacking gh (2.4.0+dfsg1-2) ...
Setting up gh (2.4.0+dfsg1-2) ...
Processing triggers for man-db (2.10.2-1) ...
taylor@taylor-VirtualBox:~/SUNY/phy$ gh repo clone typte001/phy411
Welcome to GitHub CLI!

To authenticate, please run `gh auth login`.
taylor@taylor-VirtualBox:~/SUNY/phy$ gh auth login
? What account do you want to log into? GitHub.com
? What is your preferred protocol for Git operations? HTTPS
? Authenticate Git with your GitHub credentials? Yes
? How would you like to authenticate GitHub CLI? Login with a web browser

! First copy your one-time code: 1410-6AAC
- Press Enter to open github.com in your browser... ^C
taylor@taylor-VirtualBox:~/SUNY/phy$ 
taylor@taylor-VirtualBox:~/SUNY/phy$ gh auth login
? What account do you want to log into? GitHub.com
? What is your preferred protocol for Git operations? HTTPS
? Authenticate Git with your GitHub credentials? Yes
? How would you like to authenticate GitHub CLI? Login with a web browser

! First copy your one-time code: 2658-D4BA
- Press Enter to open github.com in your browser... 
Gtk-Message: 14:50:48.450: Failed to load module "canberra-gtk-module"
Gtk-Message: 14:50:48.461: Failed to load module "canberra-gtk-module"

✓ Authentication complete. Press Enter to continue...
- gh config set -h github.com git_protocol https
✓ Configured git protocol
✓ Logged in as tpyte001
taylor@taylor-VirtualBox:~/SUNY/phy$ gh repo clone tpyte001/phy411
Cloning into 'phy411'...
remote: Enumerating objects: 18, done.
remote: Counting objects: 100% (18/18), done.
remote: Compressing objects: 100% (14/14), done.
remote: Total 18 (delta 5), reused 12 (delta 1), pack-reused 0
Receiving objects: 100% (18/18), done.
Resolving deltas: 100% (5/5), done.
taylor@taylor-VirtualBox:~/SUNY/phy$ ls
phy411
taylor@taylor-VirtualBox:~/SUNY/phy$ cd phy411
taylor@taylor-VirtualBox:~/SUNY/phy/phy411$ ls
auth.txt  factorial.py  README.md
taylor@taylor-VirtualBox:~/SUNY/phy/phy411$ echo test.txt
test.txt
taylor@taylor-VirtualBox:~/SUNY/phy/phy411$ ls
auth.txt  factorial.py  README.md
taylor@taylor-VirtualBox:~/SUNY/phy/phy411$ touch test.txt
taylor@taylor-VirtualBox:~/SUNY/phy/phy411$ ls
auth.txt  factorial.py  README.md  test.txt
taylor@taylor-VirtualBox:~/SUNY/phy/phy411$ git branch
* main
taylor@taylor-VirtualBox:~/SUNY/phy/phy411$ git stauts
git: 'stauts' is not a git command. See 'git --help'.

The most similar command is
	status
taylor@taylor-VirtualBox:~/SUNY/phy/phy411$ git status
On branch main
Your branch is up to date with 'origin/main'.

Untracked files:
  (use "git add <file>..." to include in what will be committed)
	test.txt

nothing added to commit but untracked files present (use "git add" to track)
taylor@taylor-VirtualBox:~/SUNY/phy/phy411$ git add test.txt
taylor@taylor-VirtualBox:~/SUNY/phy/phy411$ git commit -m "test"
Author identity unknown

*** Please tell me who you are.

Run

  git config --global user.email "you@example.com"
  git config --global user.name "Your Name"

to set your account's default identity.
Omit --global to set the identity only in this repository.

fatal: unable to auto-detect email address (got 'taylor@taylor-VirtualBox.(none)')
taylor@taylor-VirtualBox:~/SUNY/phy/phy411$ git config --global user.email "tpyte001@plattsburgh.edu
> "

